// Jest Snapshot v1, https://goo.gl/fbAQLP

exports[`test for App screen renders correctly when there are no items 1`] = `null`;
